<html>
<body>
<pre>
<h1>礦ision Build Log</h1>
<h2>Tool Versions:</h2>
IDE-Version: μVision V5.14.0.0
Copyright (C) 2015 ARM Ltd and ARM Germany GmbH. All rights reserved.
License Information: jiang JKL, Microsoft, LIC=GE701-CC568-JMZ98-3CIKJ-WMZ39-VS9GC
 
Tool Versions:
Toolchain:       MDK-ARM Professional  Version: 5.14.0.0
Toolchain Path:  D:\Program Files (x86)\keil5.1\ARM\ARMCC\Bin
C Compiler:      Armcc.exe V5.05 update 1 (build 106)
Assembler:       Armasm.exe V5.05 update 1 (build 106)
Linker/Locator:  ArmLink.exe V5.05 update 1 (build 106)
Library Manager: ArmAr.exe V5.05 update 1 (build 106)
Hex Converter:   FromElf.exe V5.05 update 1 (build 106)
CPU DLL:         SARMCM3.DLL V5.14.0.0
Dialog DLL:      DCM.DLL V1.13.1.0
Target DLL:      Segger\JL2CM3.dll V2.99.13.0
Dialog DLL:      TCM.DLL V1.14.4.0
 
<h2>Project:</h2>
E:\STM32test\DTHG-XJ-V4.0\bettery有线无线收敛中心2016.06.12（备份）\Better Monitor.uvprojx
Project File Date:  06/18/2016

<h2>Output:</h2>
Build target 'DryBath'
compiling app.c...
Source\APP\app.c(445): warning:  #177-D: variable "err" was declared but never referenced
                INT8U err;
Source\APP\app.c(447): warning:  #177-D: variable "temp" was declared but never referenced
                uint32_t temp;
Source\APP\app.c(448): warning:  #177-D: variable "bettery_num" was declared but never referenced
                uint16_t bettery_num;   //电池编号
Source\APP\app.c(450): warning:  #177-D: variable "Screen_id" was declared but never referenced
                uint8_t Screen_id = 0;
Source\APP\app.c(451): warning:  #177-D: variable "resend_time" was declared but never referenced
                uint8_t resend_time = 0;//重发次数
Source\APP\app.c(452): warning:  #177-D: variable "n" was declared but never referenced
          uint8_t n = 0;
Source\APP\app.c(453): warning:  #177-D: variable "ComBuffer" was declared but never referenced
                unsigned char *ComBuffer;
Source\APP\app.c: 7 warnings, 0 errors
linking...
Program Size: Code=84536 RO-data=3256 RW-data=1216 ZI-data=27736  
FromELF: creating hex file...
".\Obj\uCOSDemo.axf" - 0 Error(s), 7 Warning(s).

<h2>Collection of Component include folders:</h2>
  E:\STM32test\DTHG-XJ-V4.0\bettery有线无线收敛中心2016.06.12（备份）\RTE
  D:\Program Files (x86)\keil5.1\ARM\PACK\Keil\STM32F1xx_DFP\1.0.2\Device\Include

<h2>Collection of Component Files used:</h2>
</pre>
</body>
</html>
