Component: ARM Compiler 5.05 update 1 (build 106) Tool: armlink [4d0efa]

==============================================================================

Section Cross References

    startup_stm32f10x_hd.o(RESET) refers to startup_stm32f10x_hd.o(.text) for Reset_Handler
    startup_stm32f10x_hd.o(RESET) refers to stm32f10x_it.o(.text) for HardFaultException
    startup_stm32f10x_hd.o(RESET) refers to os_cpu_a.o(.text) for OSPendSV
    startup_stm32f10x_hd.o(.text) refers to startup_stm32f10x_hd.o(STACK) for __initial_sp
    startup_stm32f10x_hd.o(.text) refers to entry.o(.ARM.Collect$$$$00000000) for __main
    app.o(.text) refers to stm32f10x_rcc.o(.text) for RCC_GetFlagStatus
    app.o(.text) refers to stm32f10x_iwdg.o(.text) for IWDG_WriteAccessCmd
    app.o(.text) refers to nrf905.o(.text) for n95_Init_IO
    app.o(.text) refers to os_sem.o(.text) for OSSemPend
    app.o(.text) refers to os_mbox.o(.text) for OSMboxPost
    app.o(.text) refers to os_time.o(.text) for OSTimeDlyHMSM
    app.o(.text) refers to sim900a.o(.text) for sim900a
    app.o(.text) refers to stm32f10x_gpio.o(.text) for GPIO_SetBits
    app.o(.text) refers to com.o(.text) for com
    app.o(.text) refers to memseta.o(.text) for __aeabi_memclr4
    app.o(.text) refers to eeprom.o(.text) for EE_ReadVariable
    app.o(.text) refers to main.o(.text) for FSmain
    app.o(.text) refers to hmi.o(.text) for Analysis
    app.o(.text) refers to os_task.o(.text) for OSTaskCreateExt
    app.o(.text) refers to bsp.o(.text) for BSP_Init
    app.o(.text) refers to os_core.o(.text) for OSStatInit
    app.o(.text) refers to printfa.o(i.__0printf) for __2printf
    app.o(.text) refers to misc.o(.text) for NVIC_SetVectorTable
    app.o(.text) refers to app.o(.data) for .data
    app.o(.text) refers to nrf905.o(.bss) for n95_RX_Buff
    app.o(.text) refers to hmi.o(.data) for FLAG_Setif
    app.o(.text) refers to app.o(.bss) for .bss
    app.o(.text) refers to stm32f10x_it.o(.data) for GSM_send
    app.o(.text) refers to nrf905.o(.data) for FLAG_Nrf905_Used
    stm32f10x_it.o(.text) refers to stm32f10x_gpio.o(.text) for GPIO_ResetBits
    stm32f10x_it.o(.text) refers to os_cpu_a.o(.text) for OS_CPU_SR_Save
    stm32f10x_it.o(.text) refers to os_core.o(.text) for OSTimeTick
    stm32f10x_it.o(.text) refers to systick.o(.text) for SysTick_ISR
    stm32f10x_it.o(.text) refers to stm32f10x_rtc.o(.text) for RTC_GetCounter
    stm32f10x_it.o(.text) refers to stm32f10x_exti.o(.text) for EXTI_GetITStatus
    stm32f10x_it.o(.text) refers to usb_int.o(.text) for CTR_HP
    stm32f10x_it.o(.text) refers to usb_istr.o(.text) for USB_Istr
    stm32f10x_it.o(.text) refers to stm32f10x_usart.o(.text) for USART_GetITStatus
    stm32f10x_it.o(.text) refers to memseta.o(.text) for __aeabi_memclr
    stm32f10x_it.o(.text) refers to os_mbox.o(.text) for OSMboxPost
    stm32f10x_it.o(.text) refers to os_core.o(.data) for OSIntNesting
    stm32f10x_it.o(.text) refers to stm32f10x_it.o(.bss) for .bss
    stm32f10x_it.o(.text) refers to stm32f10x_it.o(.data) for .data
    stm32f10x_it.o(.text) refers to app.o(.data) for TxMbox
    stm32f10x_it.o(.text) refers to sim900a.o(.data) for GSM_first
    usart_printf.o(.text) refers to stm32f10x_rcc.o(.text) for RCC_APB2PeriphClockCmd
    usart_printf.o(.text) refers to stm32f10x_gpio.o(.text) for GPIO_Init
    usart_printf.o(.text) refers to stm32f10x_usart.o(.text) for USART_Init
    nrf905.o(.text) refers to stm32f10x_rcc.o(.text) for RCC_APB2PeriphClockCmd
    nrf905.o(.text) refers to stm32f10x_gpio.o(.text) for GPIO_Init
    nrf905.o(.text) refers to os_sem.o(.text) for OSSemPost
    nrf905.o(.text) refers to os_time.o(.text) for OSTimeDlyHMSM
    nrf905.o(.text) refers to nrf905.o(.data) for .data
    nrf905.o(.text) refers to app.o(.data) for Nrf905Sem
    com.o(.text) refers to os_mbox.o(.text) for OSMboxPend
    com.o(.text) refers to stm32f10x_bkp.o(.text) for BKP_ReadBackupRegister
    com.o(.text) refers to stm32f10x_gpio.o(.text) for GPIO_ResetBits
    com.o(.text) refers to os_sem.o(.text) for OSSemPend
    com.o(.text) refers to os_time.o(.text) for OSTimeDlyHMSM
    com.o(.text) refers to app.o(.text) for Channel_Select
    com.o(.text) refers to com.o(.constdata) for .constdata
    com.o(.text) refers to app.o(.data) for ParaMbox
    com.o(.text) refers to com.o(.data) for .data
    com.o(.text) refers to ffltui.o(.text) for __aeabi_ui2f
    com.o(.text) refers to fdiv.o(.text) for __aeabi_fdiv
    com.o(.text) refers to fmul.o(.text) for __aeabi_fmul
    com.o(.text) refers to ffixui.o(.text) for __aeabi_f2uiz
    com.o(.text) refers to eeprom.o(.text) for EE_WriteVariable
    com.o(.text) refers to nrf905.o(.text) for n95_Sendout
    com.o(.text) refers to stm32f10x_usart.o(.text) for USART_SendData
    com.o(.text) refers to memcpya.o(.text) for __aeabi_memcpy
    sim900a.o(.text) refers to strlen.o(.text) for strlen
    sim900a.o(.text) refers to printfa.o(i.__0printf) for __2printf
[...]
    SetTextSpace                             0x0800bb7d   Thumb Code    36  hmi_driver.o(.text)
    SetFont_Region                           0x0800bba1   Thumb Code    56  hmi_driver.o(.text)
    SetFilterColor                           0x0800bbd9   Thumb Code    48  hmi_driver.o(.text)
    DisText                                  0x0800bc09   Thumb Code    74  hmi_driver.o(.text)
    DisCursor                                0x0800bc53   Thumb Code    74  hmi_driver.o(.text)
    DisFull_Image                            0x0800bc9d   Thumb Code    42  hmi_driver.o(.text)
    DisArea_Image                            0x0800bcc7   Thumb Code    72  hmi_driver.o(.text)
    DisCut_Image                             0x0800bd0f   Thumb Code   140  hmi_driver.o(.text)
    DisFlashImage                            0x0800bd9b   Thumb Code    80  hmi_driver.o(.text)
    GUI_Dot                                  0x0800bdeb   Thumb Code    48  hmi_driver.o(.text)
    GUI_Line                                 0x0800be1b   Thumb Code    78  hmi_driver.o(.text)
    GUI_ConDots                              0x0800be69   Thumb Code    58  hmi_driver.o(.text)
    GUI_Circle                               0x0800bea3   Thumb Code    62  hmi_driver.o(.text)
    GUI_CircleFill                           0x0800bee1   Thumb Code    62  hmi_driver.o(.text)
    GUI_Arc                                  0x0800bf1f   Thumb Code    98  hmi_driver.o(.text)
    GUI_Rectangle                            0x0800bf81   Thumb Code    78  hmi_driver.o(.text)
    GUI_RectangleFill                        0x0800bfcf   Thumb Code    78  hmi_driver.o(.text)
    GUI_AreaInycolor                         0x0800c01d   Thumb Code    78  hmi_driver.o(.text)
    GUI_Ellipse                              0x0800c06b   Thumb Code    78  hmi_driver.o(.text)
    GUI_EllipseFill                          0x0800c0b9   Thumb Code    78  hmi_driver.o(.text)
    GUI_PolygonFill                          0x0800c107   Thumb Code    62  hmi_driver.o(.text)
    SetBackLight                             0x0800c145   Thumb Code    28  hmi_driver.o(.text)
    SetBuzzer                                0x0800c161   Thumb Code    28  hmi_driver.o(.text)
    SetCommBps                               0x0800c17d   Thumb Code    28  hmi_driver.o(.text)
    SetTouchScreen                           0x0800c199   Thumb Code    28  hmi_driver.o(.text)
    SetTouchScreen_Adj                       0x0800c1b5   Thumb Code    20  hmi_driver.o(.text)
    TestTouchScreen                          0x0800c1c9   Thumb Code    20  hmi_driver.o(.text)
    WriteLayer                               0x0800c1dd   Thumb Code    28  hmi_driver.o(.text)
    DisplyLayer                              0x0800c1f9   Thumb Code    28  hmi_driver.o(.text)
    SetScreen                                0x0800c215   Thumb Code    40  hmi_driver.o(.text)
    GetScreen                                0x0800c23d   Thumb Code    26  hmi_driver.o(.text)
    SetButtonValue                           0x0800c2a7   Thumb Code    12  hmi_driver.o(.text)
    SetTextValue                             0x0800c2b3   Thumb Code    24  hmi_driver.o(.text)
    SetProgressValue                         0x0800c321   Thumb Code     2  hmi_driver.o(.text)
    SetMeterValue                            0x0800c323   Thumb Code     2  hmi_driver.o(.text)
    SetSliderValue                           0x0800c325   Thumb Code     2  hmi_driver.o(.text)
    GetControlValue                          0x0800c327   Thumb Code    56  hmi_driver.o(.text)
    AlarmSet                                 0x0800c35f   Thumb Code    22  hmi_driver.o(.text)
    Confirm                                  0x0800c375   Thumb Code    22  hmi_driver.o(.text)
    MainDis                                  0x0800c38b   Thumb Code    44  hmi_driver.o(.text)
    Welcome                                  0x0800c3b7   Thumb Code    22  hmi_driver.o(.text)
    UartInit                                 0x0800c3cd   Thumb Code     2  hmi_user_uart.o(.text)
    SendChar                                 0x0800c3cf   Thumb Code    26  hmi_user_uart.o(.text)
    SendStrings                              0x0800c3e9   Thumb Code    20  hmi_user_uart.o(.text)
    disk_initialize                          0x0800c401   Thumb Code    14  diskio.o(.text)
    disk_status                              0x0800c40f   Thumb Code     4  diskio.o(.text)
    get_fattime                              0x0800c413   Thumb Code     4  diskio.o(.text)
    disk_read                                0x0800c417   Thumb Code    26  diskio.o(.text)
    disk_write                               0x0800c431   Thumb Code    22  diskio.o(.text)
    disk_ioctl                               0x0800c447   Thumb Code     4  diskio.o(.text)
    f_mount                                  0x0800ce67   Thumb Code    26  ff.o(.text)
    f_open                                   0x0800ce81   Thumb Code   354  ff.o(.text)
    f_read                                   0x0800cfe3   Thumb Code   338  ff.o(.text)
    f_write                                  0x0800d135   Thumb Code   394  ff.o(.text)
    f_sync                                   0x0800d2bf   Thumb Code   164  ff.o(.text)
    f_close                                  0x0800d363   Thumb Code    18  ff.o(.text)
    f_lseek                                  0x0800d375   Thumb Code   316  ff.o(.text)
    f_opendir                                0x0800d4b1   Thumb Code    78  ff.o(.text)
    f_readdir                                0x0800d4ff   Thumb Code    80  ff.o(.text)
    f_stat                                   0x0800d54f   Thumb Code    58  ff.o(.text)
    f_getfree                                0x0800d589   Thumb Code   192  ff.o(.text)
    f_truncate                               0x0800d649   Thumb Code   144  ff.o(.text)
    f_unlink                                 0x0800d6d9   Thumb Code   144  ff.o(.text)
    f_mkdir                                  0x0800d769   Thumb Code   396  ff.o(.text)
    f_chmod                                  0x0800d8f5   Thumb Code    74  ff.o(.text)
    f_utime                                  0x0800d93f   Thumb Code    80  ff.o(.text)
    f_rename                                 0x0800d98f   Thumb Code   244  ff.o(.text)
    f_gets                                   0x0800da83   Thumb Code    64  ff.o(.text)
    f_putc                                   0x0800dac3   Thumb Code    38  ff.o(.text)
    f_puts                                   0x0800dae9   Thumb Code    40  ff.o(.text)
    f_printf                                 0x0800db11   Thumb Code   300  ff.o(.text)
    MAL_Init                                 0x0800dcad   Thumb Code    46  mass_mal.o(.text)
    MAL_Write                                0x0800dcdb   Thumb Code    40  mass_mal.o(.text)
    MAL_Read                                 0x0800dd03   Thumb Code    40  mass_mal.o(.text)
    MAL_GetStatus                            0x0800dd2b   Thumb Code    66  mass_mal.o(.text)
    Read_Memory                              0x0800de49   Thumb Code   172  memory.o(.text)
    Write_Memory                             0x0800def5   Thumb Code   186  memory.o(.text)
    Set_CSW                                  0x0800dfcd   Thumb Code    50  usb_bot.o(.text)
    Mass_Storage_In                          0x0800dfff   Thumb Code    78  usb_bot.o(.text)
    Bot_Abort                                0x0800e04d   Thumb Code    50  usb_bot.o(.text)
    CBW_Decode                               0x0800e07f   Thumb Code   388  usb_bot.o(.text)
    Mass_Storage_Out                         0x0800e203   Thumb Code    84  usb_bot.o(.text)
    Transfer_Data_Request                    0x0800e257   Thumb Code    42  usb_bot.o(.text)
    EP1_IN_Callback                          0x0800e295   Thumb Code     4  usb_endp.o(.text)
    EP2_OUT_Callback                         0x0800e299   Thumb Code     4  usb_endp.o(.text)
    MAL_Config                               0x0800e29d   Thumb Code     6  usb_hw.o(.text)
    USB_Cable_Config                         0x0800e2a3   Thumb Code    20  usb_hw.o(.text)
    InitUsbDev                               0x0800e2b7   Thumb Code   132  usb_hw.o(.text)
    Led_RW_ON                                0x0800e33b   Thumb Code     6  usb_hw.o(.text)
    Led_RW_OFF                               0x0800e341   Thumb Code     6  usb_hw.o(.text)
    USB_Configured_LED                       0x0800e347   Thumb Code     6  usb_hw.o(.text)
    USB_NotConfigured_LED                    0x0800e34d   Thumb Code     6  usb_hw.o(.text)
    Get_SerialNum                            0x0800e389   Thumb Code    42  usb_hw.o(.text)
    Enter_LowPowerMode                       0x0800e3b3   Thumb Code     8  usb_hw.o(.text)
    Leave_LowPowerMode                       0x0800e3bb   Thumb Code    18  usb_hw.o(.text)
    USB_Istr                                 0x0800e3e1   Thumb Code    54  usb_istr.o(.text)
    MASS_init                                0x0800e429   Thumb Code    36  usb_prop.o(.text)
    MASS_Reset                               0x0800e44d   Thumb Code   200  usb_prop.o(.text)
    Mass_Storage_SetConfiguration            0x0800e515   Thumb Code    38  usb_prop.o(.text)
    Mass_Storage_ClearFeature                0x0800e53b   Thumb Code    18  usb_prop.o(.text)
    Mass_Storage_SetDeviceAddress            0x0800e54d   Thumb Code     8  usb_prop.o(.text)
    MASS_Status_In                           0x0800e555   Thumb Code     2  usb_prop.o(.text)
    MASS_Status_Out                          0x0800e557   Thumb Code     2  usb_prop.o(.text)
    Get_Max_Lun                              0x0800e559   Thumb Code    18  usb_prop.o(.text)
    MASS_Data_Setup                          0x0800e56b   Thumb Code    56  usb_prop.o(.text)
    MASS_NoData_Setup                        0x0800e5a3   Thumb Code    62  usb_prop.o(.text)
    MASS_Get_Interface_Setting               0x0800e5e1   Thumb Code    10  usb_prop.o(.text)
    MASS_GetDeviceDescriptor                 0x0800e5eb   Thumb Code     8  usb_prop.o(.text)
    MASS_GetConfigDescriptor                 0x0800e5f3   Thumb Code     8  usb_prop.o(.text)
    MASS_GetStringDescriptor                 0x0800e5fb   Thumb Code    26  usb_prop.o(.text)
    PowerOn                                  0x0800e64d   Thumb Code    36  usb_pwr.o(.text)
    PowerOff                                 0x0800e671   Thumb Code    26  usb_pwr.o(.text)
    Suspend                                  0x0800e68b   Thumb Code    26  usb_pwr.o(.text)
    Resume_Init                              0x0800e6a5   Thumb Code    26  usb_pwr.o(.text)
    Resume                                   0x0800e6bf   Thumb Code   116  usb_pwr.o(.text)
    SCSI_Inquiry_Cmd                         0x0800e741   Thumb Code    34  usb_scsi.o(.text)
    Set_Scsi_Sense_Data                      0x0800e763   Thumb Code     8  usb_scsi.o(.text)
    SCSI_ReadFormatCapacity_Cmd              0x0800e76b   Thumb Code    90  usb_scsi.o(.text)
    SCSI_ReadCapacity10_Cmd                  0x0800e7c5   Thumb Code    96  usb_scsi.o(.text)
    SCSI_ModeSense6_Cmd                      0x0800e825   Thumb Code     8  usb_scsi.o(.text)
    SCSI_ModeSense10_Cmd                     0x0800e82d   Thumb Code     8  usb_scsi.o(.text)
    SCSI_RequestSense_Cmd                    0x0800e835   Thumb Code    16  usb_scsi.o(.text)
    SCSI_Start_Stop_Unit_Cmd                 0x0800e845   Thumb Code     8  usb_scsi.o(.text)
    SCSI_Address_Management                  0x0800e84d   Thumb Code    98  usb_scsi.o(.text)
    SCSI_Read10_Cmd                          0x0800e8af   Thumb Code    96  usb_scsi.o(.text)
    SCSI_Write10_Cmd                         0x0800e90f   Thumb Code    94  usb_scsi.o(.text)
    SCSI_Verify10_Cmd                        0x0800e96d   Thumb Code    48  usb_scsi.o(.text)
    SCSI_Valid_Cmd                           0x0800e99d   Thumb Code    42  usb_scsi.o(.text)
    SCSI_TestUnitReady_Cmd                   0x0800e9c7   Thumb Code    50  usb_scsi.o(.text)
    SCSI_Format_Cmd                          0x0800e9f9   Thumb Code    54  usb_scsi.o(.text)
    SCSI_Invalid_Cmd                         0x0800ea2f   Thumb Code    46  usb_scsi.o(.text)
    Standard_GetConfiguration                0x0800ea8d   Thumb Code    30  usb_core.o(.text)
    Standard_SetConfiguration                0x0800eaab   Thumb Code    42  usb_core.o(.text)
    Standard_GetInterface                    0x0800ead5   Thumb Code    30  usb_core.o(.text)
    Standard_SetInterface                    0x0800eaf3   Thumb Code    60  usb_core.o(.text)
    Standard_GetStatus                       0x0800eb2f   Thumb Code   130  usb_core.o(.text)
    Standard_ClearFeature                    0x0800ebb1   Thumb Code   232  usb_core.o(.text)
    Standard_SetEndPointFeature              0x0800ec99   Thumb Code   118  usb_core.o(.text)
    Standard_SetDeviceFeature                0x0800ed0f   Thumb Code    26  usb_core.o(.text)
    Standard_GetDescriptorData               0x0800ed29   Thumb Code    24  usb_core.o(.text)
    Post0_Process                            0x0800f047   Thumb Code    52  usb_core.o(.text)
    Setup0_Process                           0x0800f07b   Thumb Code    90  usb_core.o(.text)
    SetDeviceAddress                         0x0800f0d5   Thumb Code    60  usb_core.o(.text)
    In0_Process                              0x0800f111   Thumb Code    78  usb_core.o(.text)
    Out0_Process                             0x0800f15f   Thumb Code    60  usb_core.o(.text)
    NOP_Process                              0x0800f19b   Thumb Code     2  usb_core.o(.text)
    USB_Init                                 0x0800f255   Thumb Code    22  usb_init.o(.text)
    CTR_LP                                   0x0800f27d   Thumb Code   314  usb_int.o(.text)
    CTR_HP                                   0x0800f3b7   Thumb Code   104  usb_int.o(.text)
    UserToPMABufferCopy                      0x0800f43d   Thumb Code    36  usb_mem.o(.text)
    PMAToUserBufferCopy                      0x0800f461   Thumb Code    26  usb_mem.o(.text)
    SetCNTR                                  0x0800f481   Thumb Code     6  usb_regs.o(.text)
    GetCNTR                                  0x0800f487   Thumb Code     8  usb_regs.o(.text)
    SetISTR                                  0x0800f48f   Thumb Code     8  usb_regs.o(.text)
    GetISTR                                  0x0800f497   Thumb Code    10  usb_regs.o(.text)
    GetFNR                                   0x0800f4a1   Thumb Code    10  usb_regs.o(.text)
    SetDADDR                                 0x0800f4ab   Thumb Code     8  usb_regs.o(.text)
    GetDADDR                                 0x0800f4b3   Thumb Code    10  usb_regs.o(.text)
    SetBTABLE                                0x0800f4bd   Thumb Code    12  usb_regs.o(.text)
    GetBTABLE                                0x0800f4c9   Thumb Code    10  usb_regs.o(.text)
    SetENDPOINT                              0x0800f4d3   Thumb Code    12  usb_regs.o(.text)
    GetENDPOINT                              0x0800f4df   Thumb Code    14  usb_regs.o(.text)
    SetEPType                                0x0800f4ed   Thumb Code    24  usb_regs.o(.text)
    GetEPType                                0x0800f505   Thumb Code    18  usb_regs.o(.text)
    SetEPTxStatus                            0x0800f517   Thumb Code    44  usb_regs.o(.text)
    SetEPRxStatus                            0x0800f543   Thumb Code    44  usb_regs.o(.text)
    SetDouBleBuffEPStall                     0x0800f56f   Thumb Code    40  usb_regs.o(.text)
    GetEPTxStatus                            0x0800f597   Thumb Code    18  usb_regs.o(.text)
    GetEPRxStatus                            0x0800f5a9   Thumb Code    18  usb_regs.o(.text)
    SetEPTxValid                             0x0800f5bb   Thumb Code    32  usb_regs.o(.text)
    SetEPRxValid                             0x0800f5db   Thumb Code    32  usb_regs.o(.text)
    SetEP_KIND                               0x0800f5fb   Thumb Code    28  usb_regs.o(.text)
    ClearEP_KIND                             0x0800f617   Thumb Code    28  usb_regs.o(.text)
    Clear_Status_Out                         0x0800f633   Thumb Code    28  usb_regs.o(.text)
    Set_Status_Out                           0x0800f64f   Thumb Code    28  usb_regs.o(.text)
    SetEPDoubleBuff                          0x0800f66b   Thumb Code    28  usb_regs.o(.text)
    ClearEPDoubleBuff                        0x0800f687   Thumb Code    28  usb_regs.o(.text)
    GetTxStallStatus                         0x0800f6a3   Thumb Code    22  usb_regs.o(.text)
    GetRxStallStatus                         0x0800f6b9   Thumb Code    22  usb_regs.o(.text)
    ClearEP_CTR_RX                           0x0800f6cf   Thumb Code    22  usb_regs.o(.text)
    ClearEP_CTR_TX                           0x0800f6e5   Thumb Code    22  usb_regs.o(.text)
    ToggleDTOG_RX                            0x0800f6fb   Thumb Code    28  usb_regs.o(.text)
    ToggleDTOG_TX                            0x0800f717   Thumb Code    28  usb_regs.o(.text)
    ClearDTOG_RX                             0x0800f733   Thumb Code    36  usb_regs.o(.text)
    ClearDTOG_TX                             0x0800f757   Thumb Code    36  usb_regs.o(.text)
    SetEPAddress                             0x0800f77b   Thumb Code    30  usb_regs.o(.text)
    GetEPAddress                             0x0800f799   Thumb Code    16  usb_regs.o(.text)
    SetEPTxAddr                              0x0800f7a9   Thumb Code    24  usb_regs.o(.text)
    SetEPRxAddr                              0x0800f7c1   Thumb Code    26  usb_regs.o(.text)
    GetEPTxAddr                              0x0800f7db   Thumb Code    22  usb_regs.o(.text)
    GetEPRxAddr                              0x0800f7f1   Thumb Code    24  usb_regs.o(.text)
    SetEPTxCount                             0x0800f809   Thumb Code    22  usb_regs.o(.text)
    SetEPCountRxReg                          0x0800f81f   Thumb Code    38  usb_regs.o(.text)
    SetEPRxCount                             0x0800f845   Thumb Code    70  usb_regs.o(.text)
    GetEPTxCount                             0x0800f88b   Thumb Code    24  usb_regs.o(.text)
    GetEPRxCount                             0x0800f8a3   Thumb Code    24  usb_regs.o(.text)
    SetEPDblBuffAddr                         0x0800f8bb   Thumb Code    42  usb_regs.o(.text)
    SetEPDblBuf0Addr                         0x0800f8e5   Thumb Code    22  usb_regs.o(.text)
    SetEPDblBuf1Addr                         0x0800f8fb   Thumb Code    24  usb_regs.o(.text)
    GetEPDblBuf0Addr                         0x0800f913   Thumb Code    20  usb_regs.o(.text)
    GetEPDblBuf1Addr                         0x0800f927   Thumb Code    22  usb_regs.o(.text)
    SetEPDblBuffCount                        0x0800f93d   Thumb Code   156  usb_regs.o(.text)
    SetEPDblBuf0Count                        0x0800f9d9   Thumb Code    82  usb_regs.o(.text)
    SetEPDblBuf1Count                        0x0800fa2b   Thumb Code    82  usb_regs.o(.text)
    GetEPDblBuf0Count                        0x0800fa7d   Thumb Code    24  usb_regs.o(.text)
    GetEPDblBuf1Count                        0x0800fa95   Thumb Code    24  usb_regs.o(.text)
    GetEPDblBufDir                           0x0800faad   Thumb Code    50  usb_regs.o(.text)
    FreeUserBuffer                           0x0800fadf   Thumb Code    48  usb_regs.o(.text)
    ToWord                                   0x0800fb0f   Thumb Code     6  usb_regs.o(.text)
    ByteSwap                                 0x0800fb15   Thumb Code    10  usb_regs.o(.text)
    USB_SIL_Init                             0x0800fb2d   Thumb Code    24  usb_sil.o(.text)
    USB_SIL_Write                            0x0800fb45   Thumb Code    38  usb_sil.o(.text)
    USB_SIL_Read                             0x0800fb6b   Thumb Code    36  usb_sil.o(.text)
    xQueryInterrupt                          0x0800fb99   Thumb Code    18  bsp_ch374.o(.text)
    xDelayAfterWrite                         0x0800fbab   Thumb Code    10  bsp_ch374.o(.text)
    xFileNameEnumer                          0x0800fbb5   Thumb Code     2  bsp_ch374.o(.text)
    CH374LibInit                             0x0800fbb7   Thumb Code    28  bsp_ch374.o(.text)
    bsp_InitCH374                            0x0800fbd3   Thumb Code    90  bsp_ch374.o(.text)
    Read374Data                              0x0800fc2d   Thumb Code    10  bsp_ch374.o(.text)
    CH374_READ_REGISTER                      0x0800fc37   Thumb Code     6  bsp_ch374.o(.text)
    ch374_DetectOk                           0x0800fc3d   Thumb Code    20  bsp_ch374.o(.text)
    ch374_DiskSize                           0x0800fc51   Thumb Code    18  bsp_ch374.o(.text)
    ch374_OpenFile                           0x0800fc63   Thumb Code    20  bsp_ch374.o(.text)
    ch374_CloseFile                          0x0800fc77   Thumb Code     4  bsp_ch374.o(.text)
    ch374_CreateFile                         0x0800fc7b   Thumb Code    20  bsp_ch374.o(.text)
    ch374_SeekFile                           0x0800fc8f   Thumb Code    10  bsp_ch374.o(.text)
    ch374_ReadFile                           0x0800fc99   Thumb Code    88  bsp_ch374.o(.text)
    ch374_WriteFile                          0x0800fcf1   Thumb Code    62  bsp_ch374.o(.text)
    ch374_FindFile                           0x0800fd2f   Thumb Code    62  bsp_ch374.o(.text)
    ch374_ModifyFileDate                     0x0800fd6d   Thumb Code    44  bsp_ch374.o(.text)
    ch374_DeleteFile                         0x0800fd99   Thumb Code    20  bsp_ch374.o(.text)
    Write374Index                            0x0800fdad   Thumb Code     6  bsp_ch374.o(.text)
    Write374Data                             0x0800fdb3   Thumb Code     8  bsp_ch374.o(.text)
    Read374Data0                             0x0800fdbb   Thumb Code     8  bsp_ch374.o(.text)
    CH374_WRITE_REGISTER                     0x0800fdc3   Thumb Code    12  bsp_ch374.o(.text)
    Modify374Byte                            0x0800fdcf   Thumb Code    22  bsp_ch374.o(.text)
    CH374_READ_BLOCK                         0x0800fde5   Thumb Code    24  bsp_ch374.o(.text)
    CH374_WRITE_BLOCK                        0x0800fdfd   Thumb Code    24  bsp_ch374.o(.text)
    CH374_READ_BLOCK64                       0x0800fe15   Thumb Code    46  bsp_ch374.o(.text)
    CH374_WRITE_BLOCK64                      0x0800fe43   Thumb Code    46  bsp_ch374.o(.text)
    CH374_WRITE_BLOCK_C                      0x0800fe71   Thumb Code    26  bsp_ch374.o(.text)
    CH374GetVer                              0x0800fef5   Thumb Code     4  CH374MAI.O(.text)
    CH374s01                                 0x0800fef9   Thumb Code    32  CH374MAI.O(.text)
    CH374DelaymS                             0x0800ff2d   Thumb Code    90  CH374MAI.O(.text)
    CH374EmbHubAttach                        0x0800ffb5   Thumb Code    82  CH374MAI.O(.text)
    CH374HostTransact                        0x08010007   Thumb Code   428  CH374MAI.O(.text)
    CH374DirtyBuffer                         0x080101b3   Thumb Code    16  CH374MAI.O(.text)
    CH374CtrlTransfer                        0x080101c3   Thumb Code   330  CH374MAI.O(.text)
    CH374DiskConnect                         0x08010345   Thumb Code   352  CH374MAI.O(.text)
    CH374s05                                 0x080104a5   Thumb Code    52  CH374MAI.O(.text)
    CH374Init                                0x080104d9   Thumb Code   144  CH374MAI.O(.text)
    CH374EmbHubEnable                        0x08010569   Thumb Code    90  CH374MAI.O(.text)
    CH374s23                                 0x080105c3   Thumb Code   110  CH374MAI.O(.text)
    CH374s21                                 0x08010631   Thumb Code   108  CH374MAI.O(.text)
    CH374s17                                 0x0801069d   Thumb Code    30  CH374MAI.O(.text)
    CH374BulkOnlyCmd                         0x080106bb   Thumb Code   444  CH374MAI.O(.text)
    CH374s13                                 0x080108a5   Thumb Code   102  CH374MAI.O(.text)
    mReturnErrClose                          0x0801090b   Thumb Code    32  CH374MAI.O(.text)
    CH374s18                                 0x0801092b   Thumb Code   154  CH374MAI.O(.text)
    CH374s06                                 0x080109c5   Thumb Code   480  CH374MAI.O(.text)
    CH374s07                                 0x08010ba5   Thumb Code   474  CH374MAI.O(.text)
    CH374s25                                 0x08010d9f   Thumb Code   182  CH374MAI.O(.text)
    CH374s22                                 0x08010e55   Thumb Code  1324  CH374MAI.O(.text)
    CH374s08                                 0x08011381   Thumb Code   758  CH374MAI.O(.text)
    CH374s09                                 0x08011677   Thumb Code    84  CH374MAI.O(.text)
    CH374s10                                 0x080116cb   Thumb Code   826  CH374MAI.O(.text)
    CH374s32                                 0x08011a05   Thumb Code   368  CH374MAI.O(.text)
    CH374s11                                 0x08011b75   Thumb Code    28  CH374MAI.O(.text)
    CH374s12                                 0x08011b91   Thumb Code    74  CH374MAI.O(.text)
    CH374FileOpen                            0x08011bdb   Thumb Code  1426  CH374MAI.O(.text)
    CH374s15                                 0x0801216d   Thumb Code    70  CH374MAI.O(.text)
    CH374FileClose                           0x080121b3   Thumb Code   124  CH374MAI.O(.text)
    CH374FileErase                           0x0801222f   Thumb Code   184  CH374MAI.O(.text)
    CH374s14                                 0x080122e7   Thumb Code    30  CH374MAI.O(.text)
    CH374FileCreate                          0x08012305   Thumb Code   852  CH374MAI.O(.text)
    CH374FileModify                          0x08012659   Thumb Code   214  CH374MAI.O(.text)
    CH374DiskReady                           0x0801272f   Thumb Code    94  CH374MAI.O(.text)
    CH374s19                                 0x0801278d   Thumb Code   130  CH374MAI.O(.text)
    CH374s20                                 0x0801280f   Thumb Code   118  CH374MAI.O(.text)
    CH374ByteLocate                          0x080128f3   Thumb Code    66  CH374BYT.O(.text)
    CH374ByteRead                            0x08012935   Thumb Code   364  CH374BYT.O(.text)
    CH374ByteWrite                           0x08012aa1   Thumb Code   508  CH374BYT.O(.text)
    CH374DiskSize                            0x08012cdd   Thumb Code    90  CH374DSZ.O(.text)
    CH374DiskQuery                           0x08012d37   Thumb Code   212  CH374DSZ.O(.text)
    __aeabi_memcpy                           0x08012e41   Thumb Code    36  memcpya.o(.text)
    __aeabi_memcpy4                          0x08012e41   Thumb Code     0  memcpya.o(.text)
    __aeabi_memcpy8                          0x08012e41   Thumb Code     0  memcpya.o(.text)
    __aeabi_memset                           0x08012e65   Thumb Code    14  memseta.o(.text)
    __aeabi_memset4                          0x08012e65   Thumb Code     0  memseta.o(.text)
    __aeabi_memset8                          0x08012e65   Thumb Code     0  memseta.o(.text)
    __aeabi_memclr                           0x08012e73   Thumb Code     4  memseta.o(.text)
    __aeabi_memclr4                          0x08012e73   Thumb Code     0  memseta.o(.text)
    __aeabi_memclr8                          0x08012e73   Thumb Code     0  memseta.o(.text)
    _memset$wrapper                          0x08012e77   Thumb Code    18  memseta.o(.text)
    strcat                                   0x08012e89   Thumb Code    24  strcat.o(.text)
    strlen                                   0x08012ea1   Thumb Code    14  strlen.o(.text)
    strcmp                                   0x08012eaf   Thumb Code    28  strcmp.o(.text)
    strcpy                                   0x08012ecb   Thumb Code    18  strcpy.o(.text)
    __0scanf                                 0x08012edd   Thumb Code    26  __0scanf.o(.text)
    _scanf_string                            0x08012efd   Thumb Code   224  _scanf_str.o(.text)
    atoi                                     0x08012fdd   Thumb Code    26  atoi.o(.text)
    __aeabi_fadd                             0x08012ff7   Thumb Code   164  fadd.o(.text)
    __aeabi_fsub                             0x0801309b   Thumb Code     6  fadd.o(.text)
    __aeabi_frsub                            0x080130a1   Thumb Code     6  fadd.o(.text)
    __aeabi_fmul                             0x080130a7   Thumb Code   100  fmul.o(.text)
    __aeabi_fdiv                             0x0801310b   Thumb Code   124  fdiv.o(.text)
    __aeabi_dadd                             0x08013187   Thumb Code   322  dadd.o(.text)
    __aeabi_dsub                             0x080132c9   Thumb Code     6  dadd.o(.text)
    __aeabi_drsub                            0x080132cf   Thumb Code     6  dadd.o(.text)
    __aeabi_ddiv                             0x080132d5   Thumb Code   222  ddiv.o(.text)
    __aeabi_ui2f                             0x080133b3   Thumb Code    10  ffltui.o(.text)
    __aeabi_i2d                              0x080133bd   Thumb Code    34  dflti.o(.text)
    __aeabi_f2uiz                            0x080133df   Thumb Code    40  ffixui.o(.text)
    __aeabi_f2d                              0x08013407   Thumb Code    38  f2d.o(.text)
    __aeabi_cdcmpeq                          0x0801342d   Thumb Code     0  cdcmple.o(.text)
    __aeabi_cdcmple                          0x0801342d   Thumb Code    48  cdcmple.o(.text)
    __aeabi_cdrcmple                         0x0801345d   Thumb Code    48  cdrcmple.o(.text)
    __aeabi_cfcmpeq                          0x0801348d   Thumb Code     0  cfcmple.o(.text)
    __aeabi_cfcmple                          0x0801348d   Thumb Code    20  cfcmple.o(.text)
    __aeabi_cfrcmple                         0x080134a1   Thumb Code    20  cfrcmple.o(.text)
    __aeabi_uidiv                            0x080134b5   Thumb Code     0  uidiv.o(.text)
    __aeabi_uidivmod                         0x080134b5   Thumb Code    44  uidiv.o(.text)
    __aeabi_uldivmod                         0x080134e1   Thumb Code    98  uldiv.o(.text)
    __aeabi_llsl                             0x08013543   Thumb Code    30  llshl.o(.text)
    _ll_shift_l                              0x08013543   Thumb Code     0  llshl.o(.text)
    __aeabi_lasr                             0x08013561   Thumb Code    36  llsshr.o(.text)
    _ll_sshift_r                             0x08013561   Thumb Code     0  llsshr.o(.text)
    __strtod_int                             0x080135bb   Thumb Code    88  strtod.o(.text)
    strtol                                   0x08013621   Thumb Code   112  strtol.o(.text)
    __vfscanf_char_file                      0x08013691   Thumb Code    12  scanf_char_file.o(.text)
    __I$use$fp                               0x080136a5   Thumb Code     0  iusefp.o(.text)
    _float_round                             0x080136a5   Thumb Code    18  fepilogue.o(.text)
    _float_epilogue                          0x080136b7   Thumb Code    92  fepilogue.o(.text)
    _double_round                            0x08013713   Thumb Code    30  depilogue.o(.text)
    _double_epilogue                         0x08013731   Thumb Code   156  depilogue.o(.text)
    __aeabi_dmul                             0x080137cd   Thumb Code   228  dmul.o(.text)
    __aeabi_d2ulz                            0x080138b1   Thumb Code    48  dfixul.o(.text)
    __scatterload                            0x080138e1   Thumb Code    28  init.o(.text)
    __scatterload_rt2                        0x080138e1   Thumb Code     0  init.o(.text)
    _fgetc$bs                                0x08013905   Thumb Code    28  fgetc_b.o(.text)
    __backspace                              0x08013921   Thumb Code    10  fgetc_b.o(.text)
    __aeabi_llsr                             0x08013931   Thumb Code    32  llushr.o(.text)
    _ll_ushift_r                             0x08013931   Thumb Code     0  llushr.o(.text)
    __rt_ctype_table                         0x08013951   Thumb Code     4  ctype_o.o(.text)
    isspace                                  0x08013959   Thumb Code    18  isspace_o.o(.text)
    _scanf_real                              0x08013a6d   Thumb Code     0  scanf_fp.o(.text)
    _scanf_really_real                       0x08013a6d   Thumb Code   556  scanf_fp.o(.text)
    __vfscanf_char                           0x08013cb1   Thumb Code    20  scanf_char.o(.text)
    _sgetc                                   0x08013ccd   Thumb Code    30  _sgetc.o(.text)
    _sbackspace                              0x08013ceb   Thumb Code    34  _sgetc.o(.text)
    _strtoul                                 0x08013d0d   Thumb Code   158  _strtoul.o(.text)
    __semihosting_library_function           0x08013dab   Thumb Code     0  semi.o(.text)
    _chval                                   0x08013dab   Thumb Code    28  _chval.o(.text)
    __vfscanf                                0x08013dc9   Thumb Code   808  _scanf.o(.text)
    __I$use$semihosting$fgetc                0x080140f5   Thumb Code     0  iusesemig.o(.text)
    __aeabi_ul2d                             0x080140f5   Thumb Code    24  dfltul.o(.text)
    __aeabi_d2f                              0x0801410d   Thumb Code    56  d2f.o(.text)
    __decompress                             0x08014145   Thumb Code     0  __dczerorl2.o(.text)
    __decompress1                            0x08014145   Thumb Code    86  __dczerorl2.o(.text)
    __0printf                                0x0801419d   Thumb Code    22  printfa.o(i.__0printf)
    __1printf                                0x0801419d   Thumb Code     0  printfa.o(i.__0printf)
    __2printf                                0x0801419d   Thumb Code     0  printfa.o(i.__0printf)
    __c89printf                              0x0801419d   Thumb Code     0  printfa.o(i.__0printf)
    printf                                   0x0801419d   Thumb Code     0  printfa.o(i.__0printf)
    __0sprintf                               0x080141bd   Thumb Code    34  printfa.o(i.__0sprintf)
    __1sprintf                               0x080141bd   Thumb Code     0  printfa.o(i.__0sprintf)
    __2sprintf                               0x080141bd   Thumb Code     0  printfa.o(i.__0sprintf)
    __c89sprintf                             0x080141bd   Thumb Code     0  printfa.o(i.__0sprintf)
    sprintf                                  0x080141bd   Thumb Code     0  printfa.o(i.__0sprintf)
    __aeabi_errno_addr                       0x080141e5   Thumb Code     4  errno.o(i.__aeabi_errno_addr)
    __rt_errno_addr                          0x080141e5   Thumb Code     0  errno.o(i.__aeabi_errno_addr)
    __read_errno                             0x080141ed   Thumb Code     6  errno.o(i.__read_errno)
    __scatterload_copy                       0x080141f9   Thumb Code    14  handlers.o(i.__scatterload_copy)
    __scatterload_null                       0x08014207   Thumb Code     2  handlers.o(i.__scatterload_null)
    __scatterload_zeroinit                   0x08014209   Thumb Code    14  handlers.o(i.__scatterload_zeroinit)
    __set_errno                              0x08014219   Thumb Code     6  errno.o(i.__set_errno)
    _is_digit                                0x08014389   Thumb Code    14  scanf_fp.o(i._is_digit)
    atof                                     0x08014ad1   Thumb Code    42  atof.o(i.atof)
    malloc                                   0x08014afd   Thumb Code    92  malloc.o(i.malloc)
    auchCRCHi                                0x08014b68   Data        1024  com.o(.constdata)
    auchCRCLo                                0x08014f68   Data        1024  com.o(.constdata)
    OSUnMapTbl                               0x08015368   Data         256  os_core.o(.constdata)
    SystemFrequency                          0x08015468   Data           4  system_stm32f10x.o(.constdata)
    MASS_DeviceDescriptor                    0x08015470   Data          18  usb_desc.o(.constdata)
    MASS_ConfigDescriptor                    0x08015482   Data          32  usb_desc.o(.constdata)
    MASS_StringLangID                        0x080154a2   Data           4  usb_desc.o(.constdata)
    MASS_StringVendor                        0x080154a6   Data          38  usb_desc.o(.constdata)
    MASS_StringProduct                       0x080154cc   Data          38  usb_desc.o(.constdata)
    MASS_StringInterface                     0x080154f2   Data          16  usb_desc.o(.constdata)
    __ctype_table                            0x08015502   Data         129  ctype_o.o(.constdata)
    Region$$Table$$Base                      0x080156d0   Number         0  anon$$obj.o(Region$$Table)
    Region$$Table$$Limit                     0x080156f0   Number         0  anon$$obj.o(Region$$Table)
    FlAG_Nrf905_Send                         0x20000000   Data           1  app.o(.data)
    FLAG_warning                             0x20000001   Data           1  app.o(.data)
    r_Cal_C                                  0x20000002   Data           2  app.o(.data)
    TxMbox                                   0x20000004   Data           4  app.o(.data)
    InsideTxMbox                             0x20000008   Data           4  app.o(.data)
    DisMbox                                  0x2000000c   Data           4  app.o(.data)
    ParaMbox                                 0x20000010   Data           4  app.o(.data)
    DataMbox                                 0x20000014   Data           4  app.o(.data)
    CalSem                                   0x20000018   Data           4  app.o(.data)
    GSMSem                                   0x2000001c   Data           4  app.o(.data)
    DetectSem                                0x20000020   Data           4  app.o(.data)
    SendSucceedSem                           0x20000024   Data           4  app.o(.data)
    Nrf905Sem                                0x20000028   Data           4  app.o(.data)
    COM_SEND                                 0x2000002c   Data           6  app.o(.data)
    GSMreceive_flag                          0x20000034   Data           1  stm32f10x_it.o(.data)
    GSMsend_OK                               0x20000035   Data           1  stm32f10x_it.o(.data)
    GSM_send                                 0x20000036   Data           1  stm32f10x_it.o(.data)
    GSM_Stop                                 0x20000037   Data           1  stm32f10x_it.o(.data)
    O_OK                                     0x20000038   Data           1  stm32f10x_it.o(.data)
    GSM_counter                              0x20000039   Data           1  stm32f10x_it.o(.data)
    GSM_step                                 0x2000003a   Data           1  stm32f10x_it.o(.data)
    GSM_step_original                        0x2000003b   Data           1  stm32f10x_it.o(.data)
    GSM_stepM                                0x2000003c   Data           1  stm32f10x_it.o(.data)
    GSM_step5_n                              0x2000003d   Data           1  stm32f10x_it.o(.data)
    GSM_step6_n                              0x2000003e   Data           1  stm32f10x_it.o(.data)
    O_counter                                0x20000042   Data           1  stm32f10x_it.o(.data)
    UartHaveData                             0x2000004c   Data           4  stm32f10x_it.o(.data)
    FLAG_Nrf905_Used                         0x20000050   Data           1  nrf905.o(.data)
    n95_RF_Addr                              0x20000051   Data           4  nrf905.o(.data)
    n95_TF_Addr                              0x20000055   Data           4  nrf905.o(.data)
    GPIO_InitStructure                       0x2000005a   Data           4  nrf905.o(.data)
    R_calibration_OK                         0x20000060   Data           1  com.o(.data)
    R_unwork                                 0x20000061   Data           1  com.o(.data)
    pre_p_ParaAll                            0x20000064   Data           4  com.o(.data)
    FLAG_Abnormal                            0x20000068   Data           1  sim900a.o(.data)
    GSM_first                                0x20000069   Data           1  sim900a.o(.data)
    AN_channel                               0x2000009c   Data           1  hmi.o(.data)
    FLAG_Password                            0x2000009d   Data           1  hmi.o(.data)
    FLAG_Changeword                          0x2000009e   Data           1  hmi.o(.data)
    FLAG_affirmword                          0x2000009f   Data           1  hmi.o(.data)
    FLAG_36channle                           0x200000a0   Data           1  hmi.o(.data)
    FLAG_rCc                                 0x200000a1   Data           1  hmi.o(.data)
    Channel_i                                0x200000a2   Data           1  hmi.o(.data)
    channel                                  0x200000a3   Data           1  hmi.o(.data)
    FLAG_Cal_Over                            0x200000a4   Data           1  hmi.o(.data)
    FLAG_CPassword                           0x200000a5   Data           1  hmi.o(.data)
    FLAG_B_V                                 0x200000a6   Data           1  hmi.o(.data)
    FLAG_B_C                                 0x200000a7   Data           1  hmi.o(.data)
    FLAG_B_N                                 0x200000a8   Data           1  hmi.o(.data)
    FLAG_Up_V                                0x200000a9   Data           1  hmi.o(.data)
    FLAG_Lo_V                                0x200000aa   Data           1  hmi.o(.data)
    FLAG_Up_T                                0x200000ab   Data           1  hmi.o(.data)
    FLAG_Up_R                                0x200000ac   Data           1  hmi.o(.data)
    FLAG_Up_C                                0x200000ad   Data           1  hmi.o(.data)
    FLAG_Tel                                 0x200000ae   Data           1  hmi.o(.data)
    Telnum                                   0x200000af   Data           1  hmi.o(.data)
    FLAG_Set_Refresh                         0x200000b0   Data           1  hmi.o(.data)
    FLAG_Setif                               0x200000b1   Data           1  hmi.o(.data)
    AN_temp                                  0x200000b2   Data           2  hmi.o(.data)
    AN_num                                   0x200000b4   Data           2  hmi.o(.data)
    Rc                                       0x200000b6   Data           2  hmi.o(.data)
    AN_one                                   0x200000b8   Data           2  hmi.o(.data)
    B_V_buffer                               0x200000ba   Data           8  hmi.o(.data)
    B_C_buffer                               0x200000c2   Data           8  hmi.o(.data)
    B_N_buffer                               0x200000ca   Data           8  hmi.o(.data)
    Up_V_buffer                              0x200000d2   Data           8  hmi.o(.data)
    Lo_V_buffer                              0x200000da   Data           8  hmi.o(.data)
    Up_T_buffer                              0x200000e2   Data           8  hmi.o(.data)
    Up_R_buffer                              0x200000ea   Data           8  hmi.o(.data)
    Lo_C_buffer                              0x200000f2   Data           8  hmi.o(.data)
    DataVar                                  0x200000fa   Data           2  eeprom.o(.data)
    conf                                     0x200000fc   Data           4  main.o(.data)
    t_now                                    0x20000100   Data           4  main.o(.data)
    Month_Days_Accu_C                        0x20000104   Data          52  board_init.o(.data)
    Month_Days_Accu_L                        0x20000138   Data          52  board_init.o(.data)
    Year_Secs_Accu                           0x2000016c   Data          20  board_init.o(.data)
    Month_Secs_Accu_C                        0x20000180   Data          52  board_init.o(.data)
    Month_Secs_Accu_L                        0x200001b4   Data          52  board_init.o(.data)
    jump                                     0x200001ec   Data           4  systick.o(.data)
    g_RunTime                                0x200001f0   Data           4  systick.o(.data)
    time_out                                 0x200001f4   Data           4  battery.o(.data)
    rec                                      0x200001f8   Data           4  battery.o(.data)
    g_AdcValue                               0x200001fe   Data           2  adc.o(.data)
    OSCPUUsage                               0x20000218   Data           1  os_core.o(.data)
    OSStatRdy                                0x20000219   Data           1  os_core.o(.data)
    OSIntNesting                             0x2000021a   Data           1  os_core.o(.data)
    OSLockNesting                            0x2000021b   Data           1  os_core.o(.data)
    OSPrioCur                                0x2000021c   Data           1  os_core.o(.data)
    OSPrioHighRdy                            0x2000021d   Data           1  os_core.o(.data)
    OSRdyGrp                                 0x2000021e   Data           1  os_core.o(.data)
    OSRunning                                0x2000021f   Data           1  os_core.o(.data)
    OSTaskCtr                                0x20000220   Data           1  os_core.o(.data)
    OSTickStepState                          0x20000221   Data           1  os_core.o(.data)
    OSCtxSwCtr                               0x20000224   Data           4  os_core.o(.data)
    OSEventFreeList                          0x20000228   Data           4  os_core.o(.data)
    OSIdleCtrMax                             0x2000022c   Data           4  os_core.o(.data)
    OSIdleCtrRun                             0x20000230   Data           4  os_core.o(.data)
    OSIdleCtr                                0x20000234   Data           4  os_core.o(.data)
    OSTCBCur                                 0x20000238   Data           4  os_core.o(.data)
    OSTCBFreeList                            0x2000023c   Data           4  os_core.o(.data)
    OSTCBHighRdy                             0x20000240   Data           4  os_core.o(.data)
    OSTCBList                                0x20000244   Data           4  os_core.o(.data)
    OSTime                                   0x20000248   Data           4  os_core.o(.data)
    OSRdyTbl                                 0x2000024c   Data           8  os_core.o(.data)
    OSFlagFreeList                           0x20000254   Data           4  os_core.o(.data)
    OSMemFreeList                            0x20000258   Data           4  os_core.o(.data)
    OSQFreeList                              0x2000025c   Data           4  os_core.o(.data)
    OSTmrFree                                0x20000260   Data           2  os_core.o(.data)
    OSTmrUsed                                0x20000262   Data           2  os_core.o(.data)
    OSTmrTime                                0x20000264   Data           4  os_core.o(.data)
    OSTmrSem                                 0x20000268   Data           4  os_core.o(.data)
    OSTmrSemSignal                           0x2000026c   Data           4  os_core.o(.data)
    OSTmrFreeList                            0x20000270   Data           4  os_core.o(.data)
    Max_Lun                                  0x2000027c   Data           4  mass_mal.o(.data)
    Mass_Memory_Size                         0x20000280   Data           4  mass_mal.o(.data)
    Mass_Block_Size                          0x20000284   Data           4  mass_mal.o(.data)
    Mass_Block_Count                         0x20000288   Data           4  mass_mal.o(.data)
    Block_Read_count                         0x20000290   Data           4  memory.o(.data)
    Counter                                  0x20000294   Data           4  memory.o(.data)
    Block_offset                             0x200002a8   Data           4  memory.o(.data)
    Idx                                      0x200002ac   Data           4  memory.o(.data)
    Page00_Inquiry_Data                      0x200002b0   Data           5  scsi_data.o(.data)
    Standard_Inquiry_Data                    0x200002b5   Data          36  scsi_data.o(.data)
    Standard_Inquiry_Data2                   0x200002d9   Data          36  scsi_data.o(.data)
    Mode_Sense6_data                         0x200002fd   Data           4  scsi_data.o(.data)
    Mode_Sense10_data                        0x20000301   Data           8  scsi_data.o(.data)
    Scsi_Sense_Data                          0x20000309   Data          18  scsi_data.o(.data)
    ReadCapacity10_Data                      0x2000031b   Data           8  scsi_data.o(.data)
    ReadFormatCapacity_Data                  0x20000323   Data          12  scsi_data.o(.data)
    Bot_State                                0x20000330   Data           1  usb_bot.o(.data)
    Data_Len                                 0x20000332   Data           2  usb_bot.o(.data)
    SCSI_LBA                                 0x20000334   Data           4  usb_bot.o(.data)
    SCSI_BlkLen                              0x20000338   Data           4  usb_bot.o(.data)
    MASS_StringSerial                        0x2000033c   Data          26  usb_desc.o(.data)
    pEpInt_IN                                0x20000358   Data          28  usb_istr.o(.data)
    pEpInt_OUT                               0x20000374   Data          28  usb_istr.o(.data)
    wIstr                                    0x20000390   Data           2  usb_istr.o(.data)
    Device_Table                             0x20000392   Data           2  usb_prop.o(.data)
    Device_Descriptor                        0x20000394   Data           8  usb_prop.o(.data)
    Config_Descriptor                        0x2000039c   Data           8  usb_prop.o(.data)
    Device_Property                          0x200003a4   Data          48  usb_prop.o(.data)
    String_Descriptor                        0x200003d4   Data          40  usb_prop.o(.data)
    User_Standard_Requests                   0x200003fc   Data          36  usb_prop.o(.data)
    bDeviceState                             0x20000420   Data           4  usb_pwr.o(.data)
    ResumeS                                  0x20000424   Data           2  usb_pwr.o(.data)
    Data_Mul_MaxPacketSize                   0x20000426   Data           1  usb_core.o(.data)
    StatusInfo                               0x20000428   Data           2  usb_core.o(.data)
    EPindex                                  0x2000042a   Data           1  usb_init.o(.data)
    pInformation                             0x2000042c   Data           4  usb_init.o(.data)
    pProperty                                0x20000430   Data           4  usb_init.o(.data)
    pUser_Standard_Requests                  0x20000434   Data           4  usb_init.o(.data)
    wInterrupt_Mask                          0x20000438   Data           2  usb_init.o(.data)
    SaveRState                               0x2000043a   Data           2  usb_int.o(.data)
    SaveTState                               0x2000043c   Data           2  usb_int.o(.data)
    CH374IntStatus                           0x20000440   Data           1  CH374MAI.O(.data)
    CH374DiskStatus                          0x20000441   Data           1  CH374MAI.O(.data)
    CH374vDiskFat                            0x20000442   Data           1  CH374MAI.O(.data)
    CH374vSecPerClus                         0x20000443   Data           1  CH374MAI.O(.data)
    CH374vStartCluster                       0x20000444   Data           4  CH374MAI.O(.data)
    CH374vFileSize                           0x20000448   Data           4  CH374MAI.O(.data)
    CH374vCurrentOffset                      0x2000044c   Data           4  CH374MAI.O(.data)
    CH374vDiskRoot                           0x20000450   Data           4  CH374MAI.O(.data)
    CH374vDataStart                          0x20000454   Data           4  CH374MAI.O(.data)
    CH374vFdtLba                             0x20000458   Data           4  CH374MAI.O(.data)
    CH374vFdtOffset                          0x2000045c   Data           2  CH374MAI.O(.data)
    CH374vRetryCount                         0x2000045e   Data           1  CH374MAI.O(.data)
    CH374vUsbPidIn                           0x2000045f   Data           1  CH374MAI.O(.data)
    CH374vDevEndpTog                         0x20000460   Data           1  CH374MAI.O(.data)
    CH374vCurrentLun                         0x20000461   Data           1  CH374MAI.O(.data)
    CH374vDiskRetry                          0x20000462   Data           1  CH374MAI.O(.data)
    CH374vEmbHubIndex                        0x20000463   Data           1  CH374MAI.O(.data)
    CH374vHubPortCount                       0x20000464   Data           1  CH374MAI.O(.data)
    CH374vHubPortIndex                       0x20000465   Data           1  CH374MAI.O(.data)
    CH374vSectorSize                         0x20000466   Data           2  CH374MAI.O(.data)
    pDISK_BASE_BUF                           0x20000468   Data           4  CH374MAI.O(.data)
    CH374v01                                 0x2000046c   Data           4  CH374MAI.O(.data)
    CH374v02                                 0x20000470   Data           4  CH374MAI.O(.data)
    CH374v03                                 0x20000474   Data           4  CH374MAI.O(.data)
    CH374v04                                 0x20000478   Data           2  CH374MAI.O(.data)
    CH374v06                                 0x2000047a   Data           2  CH374MAI.O(.data)
    CH374v07                                 0x2000047c   Data           1  CH374MAI.O(.data)
    CH374v08                                 0x20000480   Data           4  CH374MAI.O(.data)
    CH374v09                                 0x20000484   Data           4  CH374MAI.O(.data)
    CH374v12                                 0x20000488   Data           1  CH374MAI.O(.data)
    CH374v13                                 0x20000489   Data           1  CH374MAI.O(.data)
    CH374v14                                 0x2000048c   Data           4  CH374MAI.O(.data)
    CH374v17                                 0x20000490   Data           4  CH374MAI.O(.data)
    CH374v18                                 0x20000494   Data           1  CH374MAI.O(.data)
    CH374v19                                 0x20000498   Data           4  CH374MAI.O(.data)
    CH374v21                                 0x2000049c   Data           1  CH374MAI.O(.data)
    CH374v22                                 0x2000049d   Data           1  CH374MAI.O(.data)
    CH374v23                                 0x2000049e   Data           1  CH374MAI.O(.data)
    CH374v25                                 0x200004a0   Data           4  CH374MAI.O(.data)
    CH374v26                                 0x200004a4   Data           1  CH374MAI.O(.data)
    __stdin                                  0x200004a8   Data           4  stdin.o(.data)
    __stdout                                 0x200004ac   Data           4  stdout.o(.data)
    __microlib_freelist                      0x200004b0   Data           4  mvars.o(.data)
    __microlib_freelist_initialised          0x200004b4   Data           4  mvars.o(.data)
    AbnormalNumber                           0x200004c0   Data         576  app.o(.bss)
    AN_former                                0x20000700   Data         576  app.o(.bss)
    VirtAddVarTab                            0x20000940   Data          78  app.o(.bss)
    ParaAll                                  0x20000990   Data         768  app.o(.bss)
    r_value                                  0x20000c90   Data         144  app.o(.bss)
    com_buff                                 0x20003390   Data          20  stm32f10x_it.o(.bss)
    n95_RX_Buff                              0x200037f0   Data          12  nrf905.o(.bss)
    AN_array                                 0x200037fc   Data          36  hmi.o(.bss)
    Tel_buffer                               0x20003820   Data          11  hmi.o(.bss)
    Npassword_buffer                         0x2000382b   Data          10  hmi.o(.bss)
    Affpassword_buffer                       0x20003835   Data          10  hmi.o(.bss)
    g_Tmr                                    0x20003840   Data          32  systick.o(.bss)
    record                                   0x20003860   Data         400  battery.o(.bss)
    OSEventTbl                               0x20004a58   Data         432  os_core.o(.bss)
    OSTaskStatStk                            0x20004c08   Data         512  os_core.o(.bss)
    OSTaskIdleStk                            0x20004e08   Data         512  os_core.o(.bss)
    OSTCBPrioTbl                             0x20005008   Data         256  os_core.o(.bss)
    OSTCBTbl                                 0x20005108   Data        1584  os_core.o(.bss)
    OSFlagTbl                                0x20005738   Data         140  os_core.o(.bss)
    OSMemTbl                                 0x200057c4   Data         180  os_core.o(.bss)
    OSQTbl                                   0x20005878   Data          96  os_core.o(.bss)
    OSTmrTbl                                 0x200058d8   Data         832  os_core.o(.bss)
    OSTmrTaskStk                             0x20005c18   Data         512  os_core.o(.bss)
    OSTmrWheelTbl                            0x20005e18   Data          64  os_core.o(.bss)
    Data_Buffer                              0x20005e58   Data        2048  memory.o(.bss)
    Bulk_Data_Buff                           0x20006658   Data          64  usb_bot.o(.bss)
    CBW                                      0x20006698   Data          32  usb_bot.o(.bss)
    CSW                                      0x200066b8   Data          16  usb_bot.o(.bss)
    Device_Info                              0x200066c8   Data          28  usb_init.o(.bss)
    mCmdParam                                0x200066e4   Data          32  bsp_ch374.o(.bss)
    DISK_BASE_BUF                            0x20006704   Data         512  bsp_ch374.o(.bss)
    mBOC                                     0x20006904   Data          20  bsp_ch374.o(.bss)
    __heap_base                              0x20006918   Data           0  startup_stm32f10x_hd.o(HEAP)
    __heap_limit                             0x20006918   Data           0  startup_stm32f10x_hd.o(HEAP)
    __initial_sp                             0x20007118   Data           0  startup_stm32f10x_hd.o(STACK)



==============================================================================

Memory Map of the image

  Image Entry point : 0x08000131

  Load Region LR_IROM1 (Base: 0x08000000, Size: 0x00015bb0, Max: 0x00080000, ABSOLUTE, COMPRESSED[0x00015894])

    Execution Region ER_IROM1 (Base: 0x08000000, Size: 0x000156f0, Max: 0x00080000, ABSOLUTE)

    Base Addr    Size         Type   Attr      Idx    E Section Name        Object

    0x08000000   0x00000130   Data   RO            8    RESET               startup_stm32f10x_hd.o
    0x08000130   0x00000000   Code   RO         1605  * .ARM.Collect$$$$00000000  mc_w.l(entry.o)
    0x08000130   0x00000004   Code   RO         1943    .ARM.Collect$$$$00000001  mc_w.l(entry2.o)
    0x08000134   0x00000004   Code   RO         1946    .ARM.Collect$$$$00000004  mc_w.l(entry5.o)
    0x08000138   0x00000000   Code   RO         1948    .ARM.Collect$$$$00000008  mc_w.l(entry7b.o)
    0x08000138   0x00000000   Code   RO         1950    .ARM.Collect$$$$0000000A  mc_w.l(entry8b.o)
    0x08000138   0x00000008   Code   RO         1951    .ARM.Collect$$$$0000000B  mc_w.l(entry9a.o)
    0x08000140   0x00000000   Code   RO         1953    .ARM.Collect$$$$0000000D  mc_w.l(entry10a.o)
    0x08000140   0x00000000   Code   RO         1955    .ARM.Collect$$$$0000000F  mc_w.l(entry11a.o)
    0x08000140   0x00000004   Code   RO         1944    .ARM.Collect$$$$00002712  mc_w.l(entry2.o)
    0x08000144   0x00000030   Code   RO            9    .text               startup_stm32f10x_hd.o
    0x08000174   0x000005e8   Code   RO           13    .text               app.o
    0x0800075c   0x00000578   Code   RO          251    .text               stm32f10x_it.o
    0x08000cd4   0x000000d8   Code   RO          292    .text               usart_printf.o
    0x08000dac   0x00000338   Code   RO          308    .text               nrf905.o
    0x080010e4   0x00000bc0   Code   RO          329    .text               com.o
    0x08001ca4   0x000007d4   Code   RO          347    .text               sim900a.o
    0x08002478   0x000022c0   Code   RO          369    .text               hmi.o
    0x08004738   0x000002a8   Code   RO          395    .text               eeprom.o
    0x080049e0   0x000000b8   Code   RO          411    .text               common.o
    0x08004a98   0x00000398   Code   RO          428    .text               udisk_ch374.o
    0x08004e30   0x00000548   Code   RO          450    .text               user_configure.o
    0x08005378   0x00000118   Code   RO          462    .text               main.o
    0x08005490   0x00000804   Code   RO          485    .text               board_init.o
    0x08005c94   0x000001ac   Code   RO          504    .text               systick.o
    0x08005e40   0x00000dd4   Code   RO          527    .text               battery.o
    0x08006c14   0x0000010c   Code   RO          553    .text               adc.o
    0x08006d20   0x0000015c   Code   RO          570    .text               bsp.o
    0x08006e7c   0x000007f4   Code   RO          585    .text               bsp_nand.o
    0x08007670   0x000000d4   Code   RO          609    .text               bsp_led.o
    0x08007744   0x0000003c   Code   RO          648    .text               stm32f10x_iwdg.o
    0x08007780   0x000000e8   Code   RO          672    .text               stm32f10x_exti.o
    0x08007868   0x000000b0   Code   RO          684    .text               misc.o
    0x08007918   0x00000098   Code   RO          696    .text               stm32f10x_bkp.o
    0x080079b0   0x00000110   Code   RO          708    .text               stm32f10x_rtc.o
    0x08007ac0   0x000000a4   Code   RO          721    .text               stm32f10x_pwr.o
    0x08007b64   0x00000254   Code   RO          745    .text               stm32f10x_gpio.o
    0x08007db8   0x000003e8   Code   RO          757    .text               stm32f10x_flash.o
    0x080081a0   0x000002e0   Code   RO          818    .text               stm32f10x_usart.o
    0x08008480   0x00000474   Code   RO          830    .text               stm32f10x_fsmc.o
    0x080088f4   0x00000330   Code   RO          854    .text               stm32f10x_adc.o
    0x08008c24   0x000002b8   Code   RO          866    .text               stm32f10x_rcc.o
    0x08008edc   0x000000a4   Code   RO          893    .text               os_cpu_c.o
    0x08008f80   0x000000a8   Code   RO          923    .text               os_cpu_a.o
    0x08009028   0x00000710   Code   RO          929    .text               os_core.o
    0x08009738   0x000005f0   Code   RO          965    .text               os_flag.o
    0x08009d28   0x00000398   Code   RO          978    .text               os_mbox.o
    0x0800a0c0   0x00000208   Code   RO          990    .text               os_mem.o
    0x0800a2c8   0x00000558   Code   RO         1014    .text               os_q.o
    0x0800a820   0x00000344   Code   RO         1026    .text               os_sem.o
    0x0800ab64   0x00000704   Code   RO         1038    .text               os_task.o
    0x0800b268   0x00000190   Code   RO         1051    .text               os_time.o
    0x0800b3f8   0x000005d0   Code   RO         1063    .text               os_tmr.o
    0x0800b9c8   0x000000ec   Code   RO         1085    .text               system_stm32f10x.o
    0x0800bab4   0x00000918   Code   RO         1131    .text               hmi_driver.o
    0x0800c3cc   0x00000034   Code   RO         1153    .text               hmi_user_uart.o
    0x0800c400   0x0000004a   Code   RO         1166    .text               diskio.o
    0x0800c44a   0x00000002   PAD
    0x0800c44c   0x0000185e   Code   RO         1184    .text               ff.o
    0x0800dcaa   0x00000002   PAD
    0x0800dcac   0x0000019c   Code   RO         1206    .text               mass_mal.o
    0x0800de48   0x00000184   Code   RO         1225    .text               memory.o
    0x0800dfcc   0x000002c8   Code   RO         1304    .text               usb_bot.o
    0x0800e294   0x00000008   Code   RO         1338    .text               usb_endp.o
    0x0800e29c   0x00000144   Code   RO         1353    .text               usb_hw.o
    0x0800e3e0   0x00000048   Code   RO         1374    .text               usb_istr.o
    0x0800e428   0x00000224   Code   RO         1395    .text               usb_prop.o
    0x0800e64c   0x000000f4   Code   RO         1424    .text               usb_pwr.o
    0x0800e740   0x0000034c   Code   RO         1445    .text               usb_scsi.o
    0x0800ea8c   0x000007c8   Code   RO         1470    .text               usb_core.o
    0x0800f254   0x00000028   Code   RO         1486    .text               usb_init.o
    0x0800f27c   0x000001c0   Code   RO         1512    .text               usb_int.o
    0x0800f43c   0x00000044   Code   RO         1536    .text               usb_mem.o
    0x0800f480   0x000006ac   Code   RO         1548    .text               usb_regs.o
    0x0800fb2c   0x0000006c   Code   RO         1561    .text               usb_sil.o
    0x0800fb98   0x0000035c   Code   RO         1573    .text               bsp_ch374.o
    0x0800fef4   0x000029d4   Code   RO         1594    .text               CH374HFM.LIB(CH374MAI.O)
    0x080128c8   0x00000414   Code   RO         1597    .text               CH374HFM.LIB(CH374BYT.O)
    0x08012cdc   0x00000164   Code   RO         1599    .text               CH374HFM.LIB(CH374DSZ.O)
    0x08012e40   0x00000024   Code   RO         1608    .text               mc_w.l(memcpya.o)
    0x08012e64   0x00000024   Code   RO         1610    .text               mc_w.l(memseta.o)
    0x08012e88   0x00000018   Code   RO         1612    .text               mc_w.l(strcat.o)
    0x08012ea0   0x0000000e   Code   RO         1614    .text               mc_w.l(strlen.o)
    0x08012eae   0x0000001c   Code   RO         1616    .text               mc_w.l(strcmp.o)
    0x08012eca   0x00000012   Code   RO         1618    .text               mc_w.l(strcpy.o)
    0x08012edc   0x00000020   Code   RO         1911    .text               mc_w.l(__0scanf.o)
    0x08012efc   0x000000e0   Code   RO         1913    .text               mc_w.l(_scanf_str.o)
    0x08012fdc   0x0000001a   Code   RO         1915    .text               mc_w.l(atoi.o)
    0x08012ff6   0x000000b0   Code   RO         1917    .text               mf_w.l(fadd.o)
    0x080130a6   0x00000064   Code   RO         1919    .text               mf_w.l(fmul.o)
    0x0801310a   0x0000007c   Code   RO         1921    .text               mf_w.l(fdiv.o)
    0x08013186   0x0000014e   Code   RO         1923    .text               mf_w.l(dadd.o)
    0x080132d4   0x000000de   Code   RO         1925    .text               mf_w.l(ddiv.o)
    0x080133b2   0x0000000a   Code   RO         1927    .text               mf_w.l(ffltui.o)
    0x080133bc   0x00000022   Code   RO         1929    .text               mf_w.l(dflti.o)
    0x080133de   0x00000028   Code   RO         1931    .text               mf_w.l(ffixui.o)
    0x08013406   0x00000026   Code   RO         1933    .text               mf_w.l(f2d.o)
    0x0801342c   0x00000030   Code   RO         1935    .text               mf_w.l(cdcmple.o)
    0x0801345c   0x00000030   Code   RO         1937    .text               mf_w.l(cdrcmple.o)
    0x0801348c   0x00000014   Code   RO         1939    .text               mf_w.l(cfcmple.o)
    0x080134a0   0x00000014   Code   RO         1941    .text               mf_w.l(cfrcmple.o)
    0x080134b4   0x0000002c   Code   RO         1959    .text               mc_w.l(uidiv.o)
    0x080134e0   0x00000062   Code   RO         1961    .text               mc_w.l(uldiv.o)
    0x08013542   0x0000001e   Code   RO         1963    .text               mc_w.l(llshl.o)
    0x08013560   0x00000024   Code   RO         1965    .text               mc_w.l(llsshr.o)
    0x08013584   0x0000009c   Code   RO         1976    .text               mc_w.l(strtod.o)
    0x08013620   0x00000070   Code   RO         1978    .text               mc_w.l(strtol.o)
    0x08013690   0x00000014   Code   RO         1980    .text               mc_w.l(scanf_char_file.o)
    0x080136a4   0x00000000   Code   RO         1982    .text               mc_w.l(iusefp.o)
    0x080136a4   0x0000006e   Code   RO         1983    .text               mf_w.l(fepilogue.o)
    0x08013712   0x000000ba   Code   RO         1985    .text               mf_w.l(depilogue.o)
    0x080137cc   0x000000e4   Code   RO         1987    .text               mf_w.l(dmul.o)
    0x080138b0   0x00000030   Code   RO         1989    .text               mf_w.l(dfixul.o)
    0x080138e0   0x00000024   Code   RO         1991    .text               mc_w.l(init.o)
    0x08013904   0x0000002c   Code   RO         1993    .text               mc_w.l(fgetc_b.o)
    0x08013930   0x00000020   Code   RO         1996    .text               mc_w.l(llushr.o)
    0x08013950   0x00000008   Code   RO         2000    .text               mc_w.l(ctype_o.o)
    0x08013958   0x00000012   Code   RO         2022    .text               mc_w.l(isspace_o.o)
    0x0801396a   0x00000002   PAD
    0x0801396c   0x00000338   Code   RO         2028    .text               mc_w.l(scanf_fp.o)
    0x08013ca4   0x00000028   Code   RO         2032    .text               mc_w.l(scanf_char.o)
    0x08013ccc   0x00000040   Code   RO         2034    .text               mc_w.l(_sgetc.o)
    0x08013d0c   0x0000009e   Code   RO         2036    .text               mc_w.l(_strtoul.o)
    0x08013daa   0x00000000   Code   RO         2038    .text               mc_w.l(semi.o)
    0x08013daa   0x0000001c   Code   RO         2042    .text               mc_w.l(_chval.o)
    0x08013dc6   0x00000002   PAD
    0x08013dc8   0x0000032c   Code   RO         2044    .text               mc_w.l(_scanf.o)
    0x080140f4   0x00000000   Code   RO         2046    .text               mc_w.l(iusesemig.o)
    0x080140f4   0x00000018   Code   RO         2047    .text               mf_w.l(dfltul.o)
    0x0801410c   0x00000038   Code   RO         2049    .text               mf_w.l(d2f.o)
    0x08014144   0x00000056   Code   RO         2059    .text               mc_w.l(__dczerorl2.o)
    0x0801419a   0x00000002   PAD
    0x0801419c   0x00000020   Code   RO         1855    i.__0printf         mc_w.l(printfa.o)
    0x080141bc   0x00000028   Code   RO         1857    i.__0sprintf        mc_w.l(printfa.o)
    0x080141e4   0x00000008   Code   RO         1969    i.__aeabi_errno_addr  mc_w.l(errno.o)
    0x080141ec   0x0000000c   Code   RO         1970    i.__read_errno      mc_w.l(errno.o)
    0x080141f8   0x0000000e   Code   RO         2053    i.__scatterload_copy  mc_w.l(handlers.o)
    0x08014206   0x00000002   Code   RO         2054    i.__scatterload_null  mc_w.l(handlers.o)
    0x08014208   0x0000000e   Code   RO         2055    i.__scatterload_zeroinit  mc_w.l(handlers.o)
    0x08014216   0x00000002   PAD
    0x08014218   0x0000000c   Code   RO         1971    i.__set_errno       mc_w.l(errno.o)
    0x08014224   0x00000164   Code   RO         1862    i._fp_digits        mc_w.l(printfa.o)
    0x08014388   0x0000000e   Code   RO         2030    i._is_digit         mc_w.l(scanf_fp.o)
    0x08014396   0x00000002   PAD
    0x08014398   0x000006dc   Code   RO         1863    i._printf_core      mc_w.l(printfa.o)
    0x08014a74   0x00000024   Code   RO         1864    i._printf_post_padding  mc_w.l(printfa.o)
    0x08014a98   0x0000002e   Code   RO         1865    i._printf_pre_padding  mc_w.l(printfa.o)
    0x08014ac6   0x0000000a   Code   RO         1867    i._sputc            mc_w.l(printfa.o)
    0x08014ad0   0x0000002a   Code   RO         1602    i.atof              m_ws.l(atof.o)
    0x08014afa   0x00000002   PAD
    0x08014afc   0x0000006c   Code   RO         1884    i.malloc            mc_w.l(malloc.o)
    0x08014b68   0x00000800   Data   RO          330    .constdata          com.o
    0x08015368   0x00000100   Data   RO          937    .constdata          os_core.o
    0x08015468   0x00000004   Data   RO         1086    .constdata          system_stm32f10x.o
    0x0801546c   0x00000004   Data   RO         1185    .constdata          ff.o
    0x08015470   0x00000012   Data   RO         1320    .constdata          usb_desc.o
    0x08015482   0x00000020   Data   RO         1321    .constdata          usb_desc.o
    0x080154a2   0x00000004   Data   RO         1322    .constdata          usb_desc.o
    0x080154a6   0x00000026   Data   RO         1323    .constdata          usb_desc.o
    0x080154cc   0x00000026   Data   RO         1324    .constdata          usb_desc.o
    0x080154f2   0x00000010   Data   RO         1325    .constdata          usb_desc.o
    0x08015502   0x00000081   Data   RO         2001    .constdata          mc_w.l(ctype_o.o)
    0x08015583   0x00000001   PAD
    0x08015584   0x00000004   Data   RO         2002    .constdata          mc_w.l(ctype_o.o)
    0x08015588   0x00000061   Data   RO          348    .conststring        sim900a.o
    0x080155e9   0x00000003   PAD
    0x080155ec   0x000000e2   Data   RO          587    .conststring        bsp_nand.o
    0x080156ce   0x00000002   PAD
    0x080156d0   0x00000020   Data   RO         2051    Region$$Table       anon$$obj.o


    Execution Region RW_IRAM1 (Base: 0x20000000, Size: 0x00007118, Max: 0x00010000, ABSOLUTE, COMPRESSED[0x000001a4])

    Base Addr    Size         Type   Attr      Idx    E Section Name        Object

    0x20000000   0x00000032   Data   RW           23    .data               app.o
    0x20000032   0x00000002   PAD
    0x20000034   0x0000001c   Data   RW          253    .data               stm32f10x_it.o
    0x20000050   0x0000000e   Data   RW          311    .data               nrf905.o
    0x2000005e   0x00000002   PAD
    0x20000060   0x00000008   Data   RW          331    .data               com.o
    0x20000068   0x00000001   Data   RW          349    .data               sim900a.o
    0x20000069   0x00000033   Data   RW          350    .data               sim900a.o
    0x2000009c   0x0000005e   Data   RW          371    .data               hmi.o
    0x200000fa   0x00000002   Data   RW          396    .data               eeprom.o
    0x200000fc   0x00000004   Data   RW          463    .data               main.o
    0x20000100   0x00000004   Data   RW          464    .data               main.o
    0x20000104   0x000000e4   Data   RW          486    .data               board_init.o
    0x200001e8   0x0000000c   Data   RW          506    .data               systick.o
    0x200001f4   0x00000008   Data   RW          529    .data               battery.o
    0x200001fc   0x00000004   Data   RW          555    .data               adc.o
    0x20000200   0x00000002   Data   RW          588    .data               bsp_nand.o
    0x20000202   0x00000014   Data   RW          867    .data               stm32f10x_rcc.o
    0x20000216   0x00000002   Data   RW          894    .data               os_cpu_c.o
    0x20000218   0x0000003c   Data   RW          938    .data               os_core.o
    0x20000254   0x00000004   Data   RW          939    .data               os_core.o
    0x20000258   0x00000004   Data   RW          940    .data               os_core.o
    0x2000025c   0x00000004   Data   RW          941    .data               os_core.o
    0x20000260   0x00000002   Data   RW          942    .data               os_core.o
    0x20000262   0x00000002   Data   RW          943    .data               os_core.o
    0x20000264   0x00000004   Data   RW          944    .data               os_core.o
    0x20000268   0x00000004   Data   RW          945    .data               os_core.o
    0x2000026c   0x00000004   Data   RW          946    .data               os_core.o
    0x20000270   0x00000004   Data   RW          947    .data               os_core.o
    0x20000274   0x00000008   Data   RW         1186    .data               ff.o
    0x2000027c   0x00000004   Data   RW         1207    .data               mass_mal.o
    0x20000280   0x0000000c   Data   RW         1208    .data               mass_mal.o
    0x2000028c   0x00000024   Data   RW         1227    .data               memory.o
    0x200002b0   0x00000005   Data   RW         1285    .data               scsi_data.o
    0x200002b5   0x00000024   Data   RW         1286    .data               scsi_data.o
    0x200002d9   0x00000024   Data   RW         1287    .data               scsi_data.o
    0x200002fd   0x00000004   Data   RW         1288    .data               scsi_data.o
    0x20000301   0x00000008   Data   RW         1289    .data               scsi_data.o
    0x20000309   0x00000012   Data   RW         1290    .data               scsi_data.o
    0x2000031b   0x00000008   Data   RW         1291    .data               scsi_data.o
    0x20000323   0x0000000c   Data   RW         1292    .data               scsi_data.o
    0x2000032f   0x00000001   PAD
    0x20000330   0x0000000c   Data   RW         1306    .data               usb_bot.o
    0x2000033c   0x0000001a   Data   RW         1326    .data               usb_desc.o
    0x20000356   0x00000002   PAD
    0x20000358   0x0000001c   Data   RW         1376    .data               usb_istr.o
    0x20000374   0x0000001c   Data   RW         1377    .data               usb_istr.o
    0x20000390   0x00000002   Data   RW         1378    .data               usb_istr.o
    0x20000392   0x00000002   Data   RW         1396    .data               usb_prop.o
    0x20000394   0x00000068   Data   RW         1397    .data               usb_prop.o
    0x200003fc   0x00000024   Data   RW         1398    .data               usb_prop.o
    0x20000420   0x00000004   Data   RW         1425    .data               usb_pwr.o
    0x20000424   0x00000002   Data   RW         1427    .data               usb_pwr.o
    0x20000426   0x00000004   Data   RW         1471    .data               usb_core.o
    0x2000042a   0x00000001   Data   RW         1488    .data               usb_init.o
    0x2000042b   0x00000001   PAD
    0x2000042c   0x0000000c   Data   RW         1489    .data               usb_init.o
    0x20000438   0x00000002   Data   RW         1491    .data               usb_init.o
    0x2000043a   0x00000004   Data   RW         1513    .data               usb_int.o
    0x2000043e   0x00000002   PAD
    0x20000440   0x00000065   Data   RW         1595    .data               CH374HFM.LIB(CH374MAI.O)
    0x200004a5   0x00000003   PAD
    0x200004a8   0x00000004   Data   RW         1957    .data               mc_w.l(stdin.o)
    0x200004ac   0x00000004   Data   RW         1958    .data               mc_w.l(stdout.o)
    0x200004b0   0x00000004   Data   RW         1967    .data               mc_w.l(mvars.o)
    0x200004b4   0x00000004   Data   RW         1968    .data               mc_w.l(mvars.o)
    0x200004b8   0x00000004   Data   RW         1972    .data               mc_w.l(errno.o)
    0x200004bc   0x00000003   Data   RW         1994    .data               mc_w.l(fgetc_b.o)
    0x200004bf   0x00000001   PAD
    0x200004c0   0x00000240   Zero   RW           14    .bss                app.o
    0x20000700   0x00000240   Zero   RW           15    .bss                app.o
    0x20000940   0x0000004e   Zero   RW           16    .bss                app.o
    0x2000098e   0x00000002   PAD
    0x20000990   0x00000300   Zero   RW           17    .bss                app.o
    0x20000c90   0x00000090   Zero   RW           20    .bss                app.o
    0x20000d20   0x00002670   Zero   RW           22    .bss                app.o
    0x20003390   0x00000460   Zero   RW          252    .bss                stm32f10x_it.o
    0x200037f0   0x0000000c   Zero   RW          309    .bss                nrf905.o
    0x200037fc   0x00000043   Zero   RW          370    .bss                hmi.o
    0x2000383f   0x00000001   PAD
    0x20003840   0x00000020   Zero   RW          505    .bss                systick.o
    0x20003860   0x00000190   Zero   RW          528    .bss                battery.o
    0x200039f0   0x00000028   Zero   RW          554    .bss                adc.o
    0x20003a18   0x00001040   Zero   RW          586    .bss                bsp_nand.o
    0x20004a58   0x00000ce0   Zero   RW          930    .bss                os_core.o
    0x20005738   0x0000008c   Zero   RW          931    .bss                os_core.o
    0x200057c4   0x000000b4   Zero   RW          932    .bss                os_core.o
    0x20005878   0x00000060   Zero   RW          933    .bss                os_core.o
    0x200058d8   0x00000340   Zero   RW          934    .bss                os_core.o
    0x20005c18   0x00000200   Zero   RW          935    .bss                os_core.o
    0x20005e18   0x00000040   Zero   RW          936    .bss                os_core.o
    0x20005e58   0x00000800   Zero   RW         1226    .bss                memory.o
    0x20006658   0x00000070   Zero   RW         1305    .bss                usb_bot.o
    0x200066c8   0x0000001c   Zero   RW         1487    .bss                usb_init.o
    0x200066e4   0x00000220   Zero   RW         1574    .bss                bsp_ch374.o
    0x20006904   0x00000014   Zero   RW         1575    .bss                bsp_ch374.o
    0x20006918   0x00000000   Zero   RW            7    HEAP                startup_stm32f10x_hd.o
    0x20006918   0x00000800   Zero   RW            6    STACK               startup_stm32f10x_hd.o


==============================================================================

Image component sizes


      Code (inc. data)   RO Data    RW Data    ZI Data      Debug   Object Name

       268         42          0          4         40       1736   adc.o
      1512        188          0         50      11982     279527   app.o
      3540        772          0          8        400       5395   battery.o
      2052        514          0        228          0       9556   board_init.o
       348         22          0          0          0       1361   bsp.o
       860         24          0          0        564      19649   bsp_ch374.o
       212         18          0          0          0       1037   bsp_led.o
      2036        172        226          2       4160       9405   bsp_nand.o
      3008         92       2048          8          0       7232   com.o
       184         24          0          0          0       2048   common.o
         0          0          0          0          0         32   cortexm3_macro.o
        74          0          0          0          0       3082   diskio.o
       680         18          0          2          0       3521   eeprom.o
      6238         30          4          8          0      21849   ff.o
      8896        358          0         94         67      11028   hmi.o
      2328          0          0          0          0      11067   hmi_driver.o
        52          4          0          0          0       1230   hmi_user_uart.o
       280        138          0          8          0       2495   main.o
       412        220          0         16          0       2224   mass_mal.o
       388         30          0         36       2048      12136   memory.o
       176         14          0          0          0       1853   misc.o
       824         20          0         14         12       3048   nrf905.o
      1808         68        256         92       5120      17686   os_core.o
       168         40          0          0          0        344   os_cpu_a.o
       164          4          0          2          0      13348   os_cpu_c.o
      1520         40          0          0          0       5270   os_flag.o
       920         16          0          0          0       3598   os_mbox.o
       520         14          0          0          0       2712   os_mem.o
      1368         32          0          0          0       4585   os_q.o
       836         18          0          0          0       3318   os_sem.o
      1796         68          0          0          0       5847   os_task.o
       400         26          0          0          0       1750   os_time.o
      1488        106          0          0          0       4901   os_tmr.o
         0          0          0        127          0       1086   scsi_data.o
      2004        292         97         52          0       2433   sim900a.o
        48         12        304          0       2048        860   startup_stm32f10x_hd.o
       816         24          0          0          0       9609   stm32f10x_adc.o
       152          8          0          0          0       3560   stm32f10x_bkp.o
       232          8          0          0          0       2283   stm32f10x_exti.o
      1000         18          0          0          0       7010   stm32f10x_flash.o
      1140          4          0          0          0       5207   stm32f10x_fsmc.o
       596         36          0          0          0       5105   stm32f10x_gpio.o
      1400         98          0         28       1120      10796   stm32f10x_it.o
        60          6          0          0          0       1261   stm32f10x_iwdg.o
       164         12          0          0          0       1843   stm32f10x_pwr.o
       696         32          0         20          0       8288   stm32f10x_rcc.o
       272          6          0          0          0       3152   stm32f10x_rtc.o
       736         22          0          0          0       6955   stm32f10x_usart.o
       236         18          4          0          0       1825   system_stm32f10x.o
       428         22          0         12         32       7443   systick.o
       920        306          0          0          0       1916   udisk_ch374.o
       216         10          0          0          0       2258   usart_printf.o
       712         30          0         12        112       3331   usb_bot.o
      1992         88          0          4          0       7733   usb_core.o
         0          0        146         26          0        992   usb_desc.o
         8          0          0          0          0        551   usb_endp.o
       324         20          0          0          0       2773   usb_hw.o
        40         18          0         15         28       4226   usb_init.o
       448         30          0          4          0       1907   usb_int.o
        72         18          0         58          0       1460   usb_istr.o
        68          6          0          0          0       1290   usb_mem.o
       548         56          0        142          0       6796   usb_prop.o
       244         20          0          6          0       2771   usb_pwr.o
      1708         26          0          0          0       9499   usb_regs.o
       844         48          0          0          0       4738   usb_scsi.o
       108         10          0          0          0       1402   usb_sil.o
      1352        532          0          0          0       1676   user_configure.o

    ----------------------------------------------------------------------
     64944       4968       3122       1088      27736     607905   Object Totals
         0          0         32          0          0          0   (incl. Generated)
         4          0          5         10          3          0   (incl. Padding)

    ----------------------------------------------------------------------

      Code (inc. data)   RO Data    RW Data    ZI Data      Debug   Library Member Name

      1044         64          0          0          0        164   CH374BYT.O
       356         54          0          0          0        108   CH374DSZ.O
     10708        800          0        101          0       1278   CH374MAI.O
        42          0          0          0          0         84   atof.o
        32          6          0          0          0         84   __0scanf.o
        86          0          0          0          0          0   __dczerorl2.o
        28          0          0          0          0         68   _chval.o
       812          4          0          0          0        112   _scanf.o
       224          0          0          0          0         96   _scanf_str.o
        64          0          0          0          0         84   _sgetc.o
       158          0          0          0          0         92   _strtoul.o
        26          0          0          0          0         80   atoi.o
         8          4        133          0          0         68   ctype_o.o
         0          0          0          0          0          0   entry.o
         0          0          0          0          0          0   entry10a.o
         0          0          0          0          0          0   entry11a.o
         8          4          0          0          0          0   entry2.o
         4          0          0          0          0          0   entry5.o
         0          0          0          0          0          0   entry7b.o
         0          0          0          0          0          0   entry8b.o
         8          4          0          0          0          0   entry9a.o
        32         16          0          4          0        204   errno.o
        44          6          0          3          0        144   fgetc_b.o
        30          0          0          0          0          0   handlers.o
        36          8          0          0          0         68   init.o
        18          0          0          0          0         76   isspace_o.o
         0          0          0          0          0          0   iusefp.o
         0          0          0          0          0          0   iusesemig.o
        30          0          0          0          0         68   llshl.o
        36          0          0          0          0         68   llsshr.o
        32          0          0          0          0         68   llushr.o
       108         16          0          0          0         84   malloc.o
        36          0          0          0          0         68   memcpya.o
        36          0          0          0          0        108   memseta.o
         0          0          0          8          0          0   mvars.o
      2276         96          0          0          0        596   printfa.o
        40          8          0          0          0         84   scanf_char.o
        20          8          0          0          0         68   scanf_char_file.o
       838         12          0          0          0        216   scanf_fp.o
         0          0          0          0          0          0   semi.o
         0          0          0          4          0          0   stdin.o
         0          0          0          4          0          0   stdout.o
        24          0          0          0          0         68   strcat.o
        28          0          0          0          0         76   strcmp.o
        18          0          0          0          0         68   strcpy.o
        14          0          0          0          0         68   strlen.o
       156         14          0          0          0        120   strtod.o
       112          0          0          0          0         88   strtol.o
        44          0          0          0          0         80   uidiv.o
        98          0          0          0          0         92   uldiv.o
        48          0          0          0          0         68   cdcmple.o
        48          0          0          0          0         68   cdrcmple.o
        20          0          0          0          0         68   cfcmple.o
        20          0          0          0          0         68   cfrcmple.o
        56          0          0          0          0         88   d2f.o
       334          0          0          0          0        148   dadd.o
       222          0          0          0          0        100   ddiv.o
       186          0          0          0          0        176   depilogue.o
        48          0          0          0          0         68   dfixul.o
        34          0          0          0          0         76   dflti.o
        24          0          0          0          0         76   dfltul.o
       228          0          0          0          0         96   dmul.o
        38          0          0          0          0         68   f2d.o
       176          0          0          0          0        140   fadd.o
       124          0          0          0          0         88   fdiv.o
       110          0          0          0          0        168   fepilogue.o
        40          0          0          0          0         68   ffixui.o
        10          0          0          0          0         68   ffltui.o
       100          0          0          0          0         76   fmul.o

    ----------------------------------------------------------------------
     19592       1124        134        128          0       6674   Library Totals
        12          0          1          4          0          0   (incl. Padding)

    ----------------------------------------------------------------------

      Code (inc. data)   RO Data    RW Data    ZI Data      Debug   Library Name

     12108        918          0        101          0       1550   CH374HFM.LIB
        42          0          0          0          0         84   m_ws.l
      5564        206        133         23          0       3264   mc_w.l
      1866          0          0          0          0       1776   mf_w.l

    ----------------------------------------------------------------------
     19592       1124        134        128          0       6674   Library Totals

    ----------------------------------------------------------------------

==============================================================================


      Code (inc. data)   RO Data    RW Data    ZI Data      Debug   

     84536       6092       3256       1216      27736     604623   Grand Totals
     84536       6092       3256        420      27736     604623   ELF Image Totals (compressed)
     84536       6092       3256        420          0          0   ROM Totals

==============================================================================

    Total RO  Size (Code + RO Data)                87792 (  85.73kB)
    Total RW  Size (RW Data + ZI Data)             28952 (  28.27kB)
    Total ROM Size (Code + RO Data + RW Data)      88212 (  86.14kB)

==============================================================================

